### 对大于2T的磁盘分区并挂载
对于大于2T的磁盘，fdisk分区不支持，只能使用parted分区
>  fdisk _dev_vdb  
> WARNING: The size of this disk is 8.6 TB (8589934592000 bytes).  
> DOS partition table format can not be used on drives for volumes  
> larger than (2199023255040 bytes) for 512-byte sectors. Use parted(1) and GUID  
> partition table format (GPT).  
> 欢迎使用 fdisk (util-linux 2.23.2)。  
如果没有parted，则yum install parted  
```shell
# fdisk -l

磁盘 /dev/vda：107.4 GB, 107374182400 字节，209715200 个扇区
Units = 扇区 of 1 * 512 = 512 bytes
扇区大小(逻辑/物理)：512 字节 / 512 字节
I/O 大小(最小/最佳)：512 字节 / 512 字节
磁盘标签类型：dos
磁盘标识符：0x000c7a75

   设备 Boot      Start         End      Blocks   Id  System
/dev/vda1   *        2048   209715199   104856576   83  Linux

磁盘 /dev/vdb：8589.9 GB, 8589934592000 字节，16777216000 个扇区
Units = 扇区 of 1 * 512 = 512 bytes
扇区大小(逻辑/物理)：512 字节 / 512 字节
I/O 大小(最小/最佳)：512 字节 / 512 字节
磁盘标签类型：dos
磁盘标识符：0x341cb834

   设备 Boot      Start         End      Blocks   Id  System
/dev/vdb1            2048  4294967294  2147482623+  83  Linux
```
进行parted分区
```shell
# parted /dev/vdb
GNU Parted 3.1
使用 /dev/vdb
Welcome to GNU Parted! Type 'help' to view a list of commands.
(parted) select /dev/vdb
使用 /dev/vdb
(parted) mklabel gpt
警告: The existing disk label on /dev/vdb will be destroyed and all data on this disk will be lost. Do you want to
continue?
是/Yes/否/No? Yes
(parted) mkpart primary 0 8590GB
警告: The resulting partition is not properly aligned for best performance.
忽略/Ignore/放弃/Cancel?
```
注意，此处提示为磁盘未对齐，会影响性能，所以在此处要进行对齐  
先查看磁盘参数  
```shell
# cat /sys/block/vdb/queue/optimal_io_size
0
# cat /sys/block/vdb/queue/minimum_io_size
512
# cat /sys/block/vdb/alignment_offset
0
# cat /sys/block/vdb/queue/physical_block_size
512
```
如果optimal_io_size不为0，起始扇区计算方法：可以用optimal_io_size的值加上alignment_offset的值，
然后除以physical_block_size的值，就是起始扇区的位置了  
如果optimal_io_size为0，则起始扇区默认值为2048  
最后在分区的时候使用以下的命令进行分区就可以了，不会报warning：`mkpart primary 2048s 100%`
```shell
(parted) mkpart primary 2048s 100%
(parted) print
Model: Virtio Block Device (virtblk)
Disk /dev/vdb: 8590GB
Sector size (logical/physical): 512B/512B
Partition Table: gpt
Disk Flags:

Number  Start   End     Size    File system  Name     标志
 1      1049kB  8590GB  8590GB  ext4         primary

# 此命令会检查对齐与否
(parted) align-check optimal 1
1 aligned
(parted) exit

#分区完查看下
# fdisk -l

磁盘 /dev/vda：107.4 GB, 107374182400 字节，209715200 个扇区
Units = 扇区 of 1 * 512 = 512 bytes
扇区大小(逻辑/物理)：512 字节 / 512 字节
I/O 大小(最小/最佳)：512 字节 / 512 字节
磁盘标签类型：dos
磁盘标识符：0x000c7a75

   设备 Boot      Start         End      Blocks   Id  System
/dev/vda1   *        2048   209715199   104856576   83  Linux
WARNING: fdisk GPT support is currently new, and therefore in an experimental phase. Use at your own discretion.

磁盘 /dev/vdb：8589.9 GB, 8589934592000 字节，16777216000 个扇区
Units = 扇区 of 1 * 512 = 512 bytes
扇区大小(逻辑/物理)：512 字节 / 512 字节
I/O 大小(最小/最佳)：512 字节 / 512 字节
磁盘标签类型：gpt

#         Start          End    Size  Type            Name
 1         2048  16777213951    7.8T  Microsoft basic primary
```
在对分区进行格式化，并挂载到文件系统上
```shell
# mkfs.ext4 /dev/vdb
mke2fs 1.42.9 (28-Dec-2013)
文件系统标签=
OS type: Linux
块大小=4096 (log=2)
分块大小=4096 (log=2)
Stride=0 blocks, Stripe width=0 blocks
262144000 inodes, 2097152000 blocks
104857600 blocks (5.00%) reserved for the super user
第一个数据块=0
Maximum filesystem blocks=4244635648
64000 block groups
32768 blocks per group, 32768 fragments per group
4096 inodes per group
Superblock backups stored on blocks:
	32768, 98304, 163840, 229376, 294912, 819200, 884736, 1605632, 2654208,
	4096000, 7962624, 11239424, 20480000, 23887872, 71663616, 78675968,
	102400000, 214990848, 512000000, 550731776, 644972544, 1934917632

Allocating group tables: 完成
正在写入inode表: 完成
Creating journal (32768 blocks): 完成
Writing superblocks and filesystem accounting information: 完成

# 写入到/etc/fstab中
# UUID=$(blkid -s UUID -o value /dev/vdb)
# echo "UUID=$UUID     /data   ext4    defaults        1 1" >> /etc/fstab
# 使用mount -a对未挂载的磁盘进行挂载
# mount -a
# df -h
文件系统        容量  已用  可用 已用% 挂载点
/dev/vda1        99G  1.8G   92G    2% /
devtmpfs        158G     0  158G    0% /dev
tmpfs           158G   24K  158G    1% /dev/shm
tmpfs           158G  388K  158G    1% /run
tmpfs           158G     0  158G    0% /sys/fs/cgroup
tmpfs            32G     0   32G    0% /run/user/0
tmpfs            32G     0   32G    0% /run/user/18592
/dev/vdb        7.8T   93M  7.4T    1% /data
```

